
INITIALPATH:7:22: error:
    • INITIALPATH:10:27:
   |
10 | {pi:l}|]
   |                           ^
unexpected: "}"
unexpected: "}"
unexpected: "}"
unexpected: "}"
expecting: "<"
expecting: ">"
expecting: "^"
expecting: "="

    • In the quasi-quotation: [fmt|hello


{pi:l}|]
  |
7 | main = putStrLn [fmt|hello
  |                      ^^^^^...
